INFO 2025-10-01 17:25:09,513 autoreload 3736 2736 Watching for file changes with StatReloader
INFO 2025-12-04 23:01:30,644 autoreload 7604 9280 Watching for file changes with StatReloader
WARNING 2025-12-04 23:01:36,384 basehttp 7604 5232 "GET / HTTP/1.1" 404 4124
WARNING 2025-12-04 23:01:36,484 basehttp 7604 5232 "GET /favicon.ico HTTP/1.1" 404 4175
WARNING 2025-12-04 23:01:45,046 basehttp 7604 5232 "GET /api/auth/user/ HTTP/1.1" 404 4184
WARNING 2025-12-04 23:01:54,997 basehttp 7604 5232 "GET /api/delivery HTTP/1.1" 404 4178
INFO 2025-12-04 23:02:09,186 basehttp 7604 6352 "GET /api/products/ HTTP/1.1" 200 52
INFO 2025-12-04 23:16:53,403 autoreload 5696 4084 Watching for file changes with StatReloader
WARNING 2025-12-04 23:16:57,602 basehttp 5696 8068 "GET / HTTP/1.1" 404 4124
INFO 2025-12-04 23:17:08,837 basehttp 5696 8068 "GET /api/products/ HTTP/1.1" 200 52
WARNING 2025-12-04 23:17:16,915 basehttp 5696 8068 "GET /api/catagory/ HTTP/1.1" 404 4181
WARNING 2025-12-04 23:17:33,937 basehttp 5696 8068 "GET /api/payments/ HTTP/1.1" 404 6919
WARNING 2025-12-04 23:17:53,004 basehttp 5696 8068 "GET /api/payments/%20initiate/%20[name='initiate_payment'] HTTP/1.1" 404 7067
WARNING 2025-12-04 23:18:18,282 basehttp 5696 8068 "GET /api/delivery HTTP/1.1" 404 4178
WARNING 2025-12-04 23:18:32,846 basehttp 5696 8068 "GET /api/delivery/ HTTP/1.1" 404 8462
WARNING 2025-12-04 23:18:47,792 basehttp 5696 8068 "GET /api/accounts/ HTTP/1.1" 404 7405
INFO 2025-12-04 23:18:54,182 basehttp 5696 8068 "GET /api/accounts/login HTTP/1.1" 301 0
WARNING 2025-12-04 23:18:54,190 basehttp 5696 11740 "GET /api/accounts/login/ HTTP/1.1" 405 40
WARNING 2025-12-04 23:19:09,141 basehttp 5696 11740 "GET /api/accounts/register/ HTTP/1.1" 405 40
WARNING 2025-12-04 23:19:32,865 basehttp 5696 11740 "GET /api/admin/ HTTP/1.1" 404 4172
INFO 2025-12-04 23:19:36,687 basehttp 5696 11740 "GET /admin/ HTTP/1.1" 302 0
INFO 2025-12-04 23:19:37,002 basehttp 5696 11740 "GET /admin/login/?next=/admin/ HTTP/1.1" 200 4178
INFO 2025-12-04 23:19:37,332 basehttp 5696 11872 "GET /static/admin/css/dark_mode.css HTTP/1.1" 200 2808
INFO 2025-12-04 23:19:37,337 basehttp 5696 11740 "GET /static/admin/css/base.css HTTP/1.1" 200 22120
INFO 2025-12-04 23:19:37,337 basehttp 5696 11344 "GET /static/admin/css/nav_sidebar.css HTTP/1.1" 200 2810
INFO 2025-12-04 23:19:37,341 basehttp 5696 11156 "GET /static/admin/css/login.css HTTP/1.1" 200 951
INFO 2025-12-04 23:19:37,346 basehttp 5696 2940 "GET /static/admin/css/responsive.css HTTP/1.1" 200 16565
INFO 2025-12-04 23:19:37,386 basehttp 5696 4324 "GET /static/admin/js/theme.js HTTP/1.1" 200 1653
INFO 2025-12-04 23:19:37,401 basehttp 5696 2940 "GET /static/admin/js/nav_sidebar.js HTTP/1.1" 200 3063
INFO 2025-12-04 23:19:42,707 basehttp 5696 2940 "POST /admin/login/?next=/admin/ HTTP/1.1" 302 0
INFO 2025-12-04 23:19:42,803 basehttp 5696 2940 "GET /admin/ HTTP/1.1" 200 16912
INFO 2025-12-04 23:19:42,845 basehttp 5696 2940 "GET /static/admin/css/dashboard.css HTTP/1.1" 200 441
INFO 2025-12-04 23:19:42,871 basehttp 5696 2940 "GET /static/admin/img/icon-addlink.svg HTTP/1.1" 200 331
INFO 2025-12-04 23:19:42,873 basehttp 5696 4324 "GET /static/admin/img/icon-changelink.svg HTTP/1.1" 200 380
INFO 2025-12-04 23:19:48,853 basehttp 5696 4324 "GET /admin/accounts/farmerprofile/add/ HTTP/1.1" 200 30923
INFO 2025-12-04 23:19:48,895 basehttp 5696 4324 "GET /static/admin/css/forms.css HTTP/1.1" 200 8525
INFO 2025-12-04 23:19:48,936 basehttp 5696 11344 "GET /static/admin/js/jquery.init.js HTTP/1.1" 200 347
INFO 2025-12-04 23:19:48,940 basehttp 5696 11344 "GET /static/admin/css/widgets.css HTTP/1.1" 200 11991
INFO 2025-12-04 23:19:48,955 basehttp 5696 11740 "GET /static/admin/js/core.js HTTP/1.1" 200 6208
INFO 2025-12-04 23:19:48,965 basehttp 5696 4324 "GET /static/admin/js/actions.js HTTP/1.1" 200 8076
INFO 2025-12-04 23:19:48,966 basehttp 5696 11872 "GET /static/admin/js/admin/RelatedObjectLookups.js HTTP/1.1" 200 9777
INFO 2025-12-04 23:19:48,971 basehttp 5696 2940 "GET /admin/jsi18n/ HTTP/1.1" 200 3342
INFO 2025-12-04 23:19:48,990 basehttp 5696 11344 "GET /static/admin/js/urlify.js HTTP/1.1" 200 7887
INFO 2025-12-04 23:19:49,003 basehttp 5696 11872 "GET /static/admin/js/prepopulate_init.js HTTP/1.1" 200 586
INFO 2025-12-04 23:19:49,004 basehttp 5696 11740 "GET /static/admin/js/prepopulate.js HTTP/1.1" 200 1531
INFO 2025-12-04 23:19:49,062 basehttp 5696 11156 "GET /static/admin/js/vendor/jquery/jquery.js HTTP/1.1" 200 285314
INFO 2025-12-04 23:19:49,096 basehttp 5696 11156 "GET /static/admin/img/icon-viewlink.svg HTTP/1.1" 200 581
INFO 2025-12-04 23:19:49,137 basehttp 5696 11156 "GET /static/admin/js/change_form.js HTTP/1.1" 200 606
INFO 2025-12-04 23:19:49,208 basehttp 5696 4324 "GET /static/admin/js/vendor/xregexp/xregexp.js HTTP/1.1" 200 325171
INFO 2025-12-04 23:19:53,421 basehttp 5696 4324 "GET /admin/accounts/user/add/?_to_field=id&_popup=1 HTTP/1.1" 200 10394
INFO 2025-12-04 23:19:53,439 basehttp 5696 11156 "GET /static/admin/css/unusable_password_field.css HTTP/1.1" 200 663
INFO 2025-12-04 23:19:53,444 basehttp 5696 4324 "GET /admin/jsi18n/ HTTP/1.1" 200 3342
INFO 2025-12-04 23:19:53,474 basehttp 5696 4324 "GET /static/admin/js/unusable_password_field.js HTTP/1.1" 200 1480
INFO 2025-12-04 23:20:52,961 basehttp 5696 4324 "POST /admin/accounts/user/add/?_to_field=id&_popup=1 HTTP/1.1" 200 10794
INFO 2025-12-04 23:20:52,983 basehttp 5696 4324 "GET /admin/jsi18n/ HTTP/1.1" 200 3342
INFO 2025-12-04 23:21:37,618 basehttp 5696 4324 "POST /admin/accounts/user/add/?_to_field=id&_popup=1 HTTP/1.1" 200 10801
INFO 2025-12-04 23:21:37,655 basehttp 5696 4324 "GET /admin/jsi18n/ HTTP/1.1" 200 3342
INFO 2025-12-04 23:22:18,973 basehttp 5696 4324 "POST /admin/accounts/user/add/?_to_field=id&_popup=1 HTTP/1.1" 200 342
INFO 2025-12-04 23:22:19,031 basehttp 5696 4324 "GET /static/admin/js/popup_response.js HTTP/1.1" 200 532
INFO 2025-12-04 23:22:29,313 basehttp 5696 4324 "GET /admin/accounts/user/2/change/?_to_field=id&_popup=1 HTTP/1.1" 200 28013
INFO 2025-12-04 23:22:29,355 basehttp 5696 11156 "GET /admin/jsi18n/ HTTP/1.1" 200 3342
INFO 2025-12-04 23:22:29,385 basehttp 5696 4324 "GET /static/admin/js/calendar.js HTTP/1.1" 200 9141
INFO 2025-12-04 23:22:29,391 basehttp 5696 11344 "GET /static/admin/js/SelectFilter2.js HTTP/1.1" 200 15845
INFO 2025-12-04 23:22:29,396 basehttp 5696 11872 "GET /static/admin/js/SelectBox.js HTTP/1.1" 200 4530
INFO 2025-12-04 23:22:29,397 basehttp 5696 11740 "GET /static/admin/js/admin/DateTimeShortcuts.js HTTP/1.1" 200 19319
INFO 2025-12-04 23:22:29,468 basehttp 5696 11740 "GET /static/admin/img/search.svg HTTP/1.1" 200 458
INFO 2025-12-04 23:22:29,469 basehttp 5696 4324 "GET /static/admin/img/icon-clock.svg HTTP/1.1" 200 677
INFO 2025-12-04 23:22:29,472 basehttp 5696 11344 "GET /static/admin/img/icon-calendar.svg HTTP/1.1" 200 1086
INFO 2025-12-04 23:22:29,473 basehttp 5696 11872 "GET /static/admin/img/selector-icons.svg HTTP/1.1" 200 3291
INFO 2025-12-04 23:23:11,412 basehttp 5696 11872 "POST /admin/accounts/user/2/change/?_to_field=id&_popup=1 HTTP/1.1" 200 413
INFO 2025-12-04 23:24:13,759 basehttp 5696 11872 "POST /admin/accounts/farmerprofile/add/ HTTP/1.1" 200 31395
INFO 2025-12-04 23:24:13,791 basehttp 5696 11872 "GET /admin/jsi18n/ HTTP/1.1" 200 3342
INFO 2025-12-04 23:24:30,127 basehttp 5696 11872 "GET /admin/accounts/user/2/change/?_to_field=id HTTP/1.1" 200 40199
INFO 2025-12-04 23:24:30,150 basehttp 5696 11872 "GET /admin/jsi18n/ HTTP/1.1" 200 3342
INFO 2025-12-04 23:24:49,521 basehttp 5696 11872 "GET /admin/accounts/user/ HTTP/1.1" 200 21132
INFO 2025-12-04 23:24:49,554 basehttp 5696 11872 "GET /static/admin/css/changelists.css HTTP/1.1" 200 6878
INFO 2025-12-04 23:24:49,566 basehttp 5696 11344 "GET /admin/jsi18n/ HTTP/1.1" 200 3342
INFO 2025-12-04 23:24:49,582 basehttp 5696 11872 "GET /static/admin/img/icon-yes.svg HTTP/1.1" 200 436
INFO 2025-12-04 23:24:49,585 basehttp 5696 11740 "GET /static/admin/img/icon-no.svg HTTP/1.1" 200 560
INFO 2025-12-04 23:24:49,618 basehttp 5696 11872 "GET /static/admin/js/filters.js HTTP/1.1" 200 978
INFO 2025-12-04 23:24:49,626 basehttp 5696 11740 "GET /static/admin/img/tooltag-add.svg HTTP/1.1" 200 331
INFO 2025-12-04 23:24:49,628 basehttp 5696 11344 "GET /static/admin/img/sorting-icons.svg HTTP/1.1" 200 1097
INFO 2025-12-04 23:24:55,610 basehttp 5696 11344 "GET /admin/accounts/user/1/change/ HTTP/1.1" 200 40121
INFO 2025-12-04 23:24:55,657 basehttp 5696 11344 "GET /admin/jsi18n/ HTTP/1.1" 200 3342
INFO 2025-12-04 23:25:02,981 basehttp 5696 11344 "GET /admin/accounts/user/add/ HTTP/1.1" 200 22363
INFO 2025-12-04 23:25:03,024 basehttp 5696 11344 "GET /admin/jsi18n/ HTTP/1.1" 200 3342
INFO 2025-12-04 23:25:05,233 basehttp 5696 11344 "GET /admin/accounts/userprofile/ HTTP/1.1" 200 19777
INFO 2025-12-04 23:25:05,274 basehttp 5696 11344 "GET /admin/jsi18n/ HTTP/1.1" 200 3342
INFO 2025-12-04 23:25:10,078 basehttp 5696 11344 "GET /admin/accounts/userprofile/2/change/ HTTP/1.1" 200 26174
INFO 2025-12-04 23:25:10,124 basehttp 5696 11344 "GET /admin/jsi18n/ HTTP/1.1" 200 3342
INFO 2025-12-04 23:25:12,822 basehttp 5696 11344 "GET /admin/accounts/user/2/change/?_to_field=id&_popup=1 HTTP/1.1" 200 28030
INFO 2025-12-04 23:25:12,861 basehttp 5696 11344 "GET /admin/jsi18n/ HTTP/1.1" 200 3342
INFO 2025-12-04 23:26:20,359 basehttp 5696 11344 "GET /api/products/ HTTP/1.1" 200 6812
WARNING 2025-12-04 23:27:06,423 basehttp 5696 11344 "GET /api/products/52/ HTTP/1.1" 404 48
WARNING 2025-12-04 23:27:30,356 basehttp 5696 11344 "GET /api/products/id/40/ HTTP/1.1" 404 7551
WARNING 2025-12-04 23:27:59,345 basehttp 5696 11344 "GET /api/products/%20categories/ HTTP/1.1" 404 7571
INFO 2025-12-04 23:28:08,434 basehttp 5696 11344 "GET /api/products/categories/ HTTP/1.1" 200 1101
WARNING 2025-12-04 23:29:02,822 basehttp 5696 11344 "GET /api/accounts/ HTTP/1.1" 404 7405
WARNING 2025-12-04 23:29:21,571 basehttp 5696 11344 "GET /api/products/farmer/ HTTP/1.1" 404 48
INFO 2025-12-04 23:44:48,068 autoreload 5696 4084 C:\Users\user\Desktop\Farm2Door\backend\farm2door_backend\settings.py changed, reloading.
INFO 2025-12-04 23:44:49,469 autoreload 10184 15264 Watching for file changes with StatReloader
INFO 2025-12-04 23:45:14,696 autoreload 10184 15264 C:\Users\user\Desktop\Farm2Door\backend\farm2door_backend\settings.py changed, reloading.
INFO 2025-12-04 23:45:16,968 autoreload 4624 14836 Watching for file changes with StatReloader
WARNING 2025-12-04 23:50:58,572 basehttp 4624 7208 "GET /api/products/%20categories/ HTTP/1.1" 404 7571
WARNING 2025-12-04 23:51:02,513 basehttp 4624 7208 "GET /api HTTP/1.1" 404 4151
INFO 2025-12-04 23:51:08,022 basehttp 4624 7208 "GET /api/products/ HTTP/1.1" 200 6812
INFO 2025-12-04 23:51:26,992 basehttp 4624 7208 "GET /api/products/?page=2 HTTP/1.1" 200 6707
